Test 0: 3
  [-0.816160  -0.970937  -0.379572  0.104657  -0.707985  -0.301882  -0.281681  -0.808140  -1.066177  -0.863089  ]
