Test 0: 8
  [-0.049520  0.000661  0.051558  -0.166943  -0.321969  -0.298126  0.302451  -0.098927  0.722094  0.012896  ]
