Test 0: 3
  [-373.621002  -371.008392  -337.017975  -336.550873  -399.996063  -361.355347  -390.998505  -385.522339  -406.761810  -398.335297  ]
