Test 0: 5
  [-2.774868  4.143680  0.090819  -1.121363  -1.526544  4.873750  -4.468327  0.094701  2.469562  3.942499  ]
