Test 0: 3
  [-0.344701  -0.224031  0.050580  0.327419  -0.063053  -0.190338  0.184712  0.153867  -0.100244  -0.063634  ]
