Test 0: 4
  [-0.258947  -0.032727  0.302776  0.584247  0.811086  -0.151273  0.717029  -0.183014  0.667396  -0.122890  ]
