Test 0: 1
  [-0.181185  0.134133  0.104234  -0.192482  0.053953  -0.000291  0.020420  -0.007716  0.063177  -0.015087  ]
