Test 0: 8
  [1.921695  0.460591  -0.310964  -0.780335  -0.408826  0.137337  -0.472450  2.250686  2.808153  -0.800838  ]
