Test 0: 8
  [-0.617702  -0.139087  -0.226138  0.781660  -0.628340  -0.483578  -0.442549  0.060627  2.290672  0.290072  ]
