Test 0: 1
  [-0.112431  0.154079  -0.007587  0.075369  -0.072974  -0.052507  -0.055229  -0.003626  -0.258337  0.053892  ]
