Test 0: 7
  [0.126560  0.260725  0.328111  0.433969  0.408284  -0.034274  0.051322  0.706716  -0.271733  -0.368028  ]
