Test 0: 2
  [2810.464600  -412.523560  3649.065430  -1712.516113  -6774.758789  -3749.538574  1638.879639  -4964.983887  2777.597900  970.672974  ]
