Test 0: 5
  [-53.751423  -37.771492  -55.686634  2.297086  -82.990288  12.074413  -61.537998  -54.956432  -65.339256  -26.446686  ]
