Test 0: 5
  [0.046833  0.005069  0.003371  0.022920  0.140438  0.451872  0.098842  0.016919  0.177351  0.036384  ]
