Test 0: 5
  [-57.236065  -42.193871  -64.309311  -0.635928  -87.791580  8.651004  -70.901123  -67.009354  -72.410400  -33.771309  ]
