Test 0: 4
  [-2.590156  -0.527684  3.099299  -0.568607  3.844052  0.917125  0.688495  0.061807  -0.644249  -1.019507  ]
