Test 0: 3
  [2.118571  2.036538  0.815362  2.669369  -2.240922  -1.122917  1.300884  -1.784078  -1.978013  0.404722  ]
