Test 0: 4
  [1.626193  -7.341591  3.724633  5.122007  9.304239  0.676207  -0.020844  -0.798081  0.844495  1.931043  ]
