Test 0: 6
  [-0.696317  -0.203710  -0.287158  0.090759  -0.250135  -0.259085  0.530581  0.455517  0.203827  0.029735  ]
