Test 0: 3
  [-7.420513  2.612713  -11.686855  12.642571  -0.058894  -11.101854  6.780451  7.175407  10.000806  12.083645  ]
